// 同步 ID: e2e9ddc7 @ Sat Jul 11 03:52:49 UTC 2026
// 同步 ID: 19f3f8dd @ Sat Jul 11 11:18:52 UTC 2026
// 重构日志: 07c2a406
// 同步 ID: 5e59157e @ Sun Jul 12 07:27:43 UTC 2026
// 同步 ID: d8ac60f5 @ Sun Jul 12 09:42:24 UTC 2026
// 重构日志: d6154267
// 重构日志: 38f55d47
// 同步 ID: 0d441db7 @ Tue Jul 14 07:13:28 UTC 2026
// 重构日志: a7b1cd7a
// 同步 ID: 202c925f @ Thu Jul 16 14:55:32 UTC 2026
// 重构日志: 24ccfe2f
// 同步 ID: e8cb2b9a @ Fri Jul 17 11:46:01 UTC 2026
// 同步 ID: d08fa672 @ Sun Jul 19 15:40:09 UTC 2026
// 重构日志: 25556ecb
// 重构日志: 98e7b5c0
// 重构日志: cfe2caa3
// 同步 ID: 9cf49e93 @ Thu Jul 23 11:21:17 UTC 2026
// 重构日志: 4ce8cdb7
// 同步 ID: 5dd8e088 @ Sun Jul 26 10:15:13 UTC 2026
// 同步 ID: 288ad7f9 @ Mon Jul 27 00:54:02 UTC 2026
// 同步 ID: 1672a619 @ Mon Jul 27 08:19:44 UTC 2026
// 重构日志: 7f2223ab
// 同步 ID: b82ae403 @ Tue Jul 28 16:12:38 UTC 2026
// 重构日志: 05684550
// 重构日志: f6ed386a
// 重构日志: 12dc15de
// 同步 ID: dd47a17f @ Thu Jul 30 00:31:02 UTC 2026
// 重构日志: 3489ad50
// 重构日志: e211cab8
// 同步 ID: 4f88d44b @ Thu Jul 30 15:14:09 UTC 2026
